<TEI xmlns="http://www.tei-c.org/ns/1.0">
  <teiHeader>
    <fileDesc>
      <titleStmt>
        <title>To make Pease Soop</title>
      </titleStmt>
      <publicationStmt>
        <publisher>
          <orgName>Des Zentrums f√ºr Gastrosophie</orgName>
          <ptr target="http://gastrosophie.sbg.ac.at/"/>
        </publisher>
        <date when="">2015-02-11</date>
      </publicationStmt>
      <sourceDesc>
        <biblStruct>
          <monogr>
            <title>To make Pease Soop</title>
            <title type="alt">Erbsensuppe</title>
            <note/>
            <author>
              <persName xml:id="person1">
                <forename>Peter</forename>
                <surname>Griffin</surname>
                <email>peter_griffin@zmyslonymail.com</email>
              </persName>
            </author>
            <author>
              <persName xml:id="person32">
                <forename>Lois</forename>
                <surname>Griffin</surname>
                <email>lois_griffin@zmyslonymail.com</email>
              </persName>
            </author>
            <textLang mainLang="deu"/>
            <imprint>
              <biblScope unit="volume">Teil 2, S. 058</biblScope>
              <biblScope unit="chapter">Teil 2, S. 058</biblScope>
              <biblScope unit="entry">Teil 2, S. 058</biblScope>
            </imprint>
          </monogr>
        </biblStruct>
        <msDesc>
          <msIdentifier>
            <repository>Rezeptdatenbank</repository>
            <idno/>
          </msIdentifier>
        </msDesc>
      </sourceDesc>
    </fileDesc>
    <profileDesc>
      <particDesc>
        <listPerson type="PROVIDEDH Annotators">
          <personIgnore xml:id="recipe_levenshtein_matching">
            <persName>
              <forename>Algorithm</forename>
              <surname>Levenshtein distance match</surname>
              <email/>
            </persName>
          </personIgnore>
        </listPerson>
      </particDesc>
      <textClass>
        <classCode scheme="http://providedh.eu/uncertainty/ns/1.0">
          <certaintyIgnore ana="https://providedh-test.ehum.psnc.pl/api/projects/17/taxonomy/#incompleteness" locus="value" degree="0.8571428571428571" cert="high" resp="#recipe_levenshtein_matching" match="@ref" target="#ingredient0" xml:id="cert-0" assertedValue="#ingredient-3"/>
          <certaintyIgnore ana="https://providedh-test.ehum.psnc.pl/api/projects/17/taxonomy/#incompleteness" locus="value" degree="0.8571428571428571" cert="high" resp="#recipe_levenshtein_matching" match="@ref" target="#ingredient1" xml:id="cert-1" assertedValue="#ingredient-0"/>
          <certaintyIgnore ana="https://providedh-test.ehum.psnc.pl/api/projects/17/taxonomy/#incompleteness" locus="value" degree="0.8571428571428571" cert="high" resp="#recipe_levenshtein_matching" match="@ref" target="#ingredient2" xml:id="cert-2" assertedValue="#ingredient-5"/>
          <certaintyIgnore ana="https://providedh-test.ehum.psnc.pl/api/projects/17/taxonomy/#incompleteness" locus="value" degree="0.8571428571428571" cert="high" resp="#recipe_levenshtein_matching" match="@ref" target="#ingredient3" xml:id="cert-3" assertedValue="#ingredient-3"/>
          <certaintyIgnore ana="https://providedh-test.ehum.psnc.pl/api/projects/17/taxonomy/#incompleteness" locus="value" degree="0.8571428571428571" cert="high" resp="#recipe_levenshtein_matching" match="@ref" target="#ingredient4" xml:id="cert-4" assertedValue="#ingredient-5"/>
          <certaintyIgnore ana="https://providedh-test.ehum.psnc.pl/api/projects/17/taxonomy/#incompleteness" locus="value" degree="0.8571428571428571" cert="high" resp="#recipe_levenshtein_matching" match="@ref" target="#ingredient5" xml:id="cert-5" assertedValue="#ingredient-5"/>
          <certaintyIgnore ana="https://providedh-test.ehum.psnc.pl/api/projects/17/taxonomy/#incompleteness" locus="value" degree="0.8571428571428571" cert="high" resp="#recipe_levenshtein_matching" match="@ref" target="#utensil-6" xml:id="cert-6" assertedValue="#form"/>
          <certaintyIgnore ana="https://providedh-test.ehum.psnc.pl/api/projects/17/taxonomy/#incompleteness" locus="value" degree="0.8333333333333334" cert="high" resp="#recipe_levenshtein_matching" match="@ref" target="#ingredient7" xml:id="cert-7" assertedValue="#ingredient-1"/>
          <certaintyIgnore ana="https://providedh-test.ehum.psnc.pl/api/projects/17/taxonomy/#incompleteness" locus="value" degree="0.8571428571428571" cert="high" resp="#recipe_levenshtein_matching" match="@ref" target="#ingredient8" xml:id="cert-8" assertedValue="#ingredient-5"/>
          <certaintyIgnore ana="https://providedh-test.ehum.psnc.pl/api/projects/17/taxonomy/#incompleteness" locus="value" degree="1.0" cert="very high" resp="#recipe_levenshtein_matching" match="@ref" target="#ingredient9" xml:id="cert-9" assertedValue="#ingredient-4"/>
          <certaintyIgnore ana="https://providedh-test.ehum.psnc.pl/api/projects/17/taxonomy/#incompleteness" locus="value" degree="0.8571428571428571" cert="high" resp="#recipe_levenshtein_matching" match="@ref" target="#ingredient10" xml:id="cert-10" assertedValue="#ingredient-5"/>
          <certaintyIgnore ana="https://providedh-test.ehum.psnc.pl/api/projects/17/taxonomy/#incompleteness" locus="value" degree="0.8571428571428571" cert="high" resp="#recipe_levenshtein_matching" match="@ref" target="#ingredient11" xml:id="cert-11" assertedValue="#ingredient-3"/>
          <certaintyIgnore ana="https://providedh-test.ehum.psnc.pl/api/projects/17/taxonomy/#incompleteness" locus="value" degree="0.8571428571428571" cert="high" resp="#recipe_levenshtein_matching" match="@ref" target="#ingredient12" xml:id="cert-12" assertedValue="#ingredient-5"/>
          <certaintyIgnore ana="https://providedh-test.ehum.psnc.pl/api/projects/17/taxonomy/#incompleteness" locus="value" degree="0.8333333333333334" cert="high" resp="#recipe_levenshtein_matching" match="@ref" target="#ingredient13" xml:id="cert-13" assertedValue="#ingredient-2"/>
          <certaintyIgnore ana="https://providedh-test.ehum.psnc.pl/api/projects/17/taxonomy/#incompleteness" locus="value" cert="high" assertedValue="Balloons" target="#test_ab" resp="#second_annotator" xml:id="cert-14"/>
        </classCode>
      </textClass>
    </profileDesc>
  </teiHeader>
  <text>
    <body>
      <div type="recipe">
        <p>Put three or four Pounds of <nameIgnore ref="#potato">Jerry Maguire's</nameIgnore> coarse Beef , with three Pints of Pease , into two <segIgnore xml:id="test_seg">Gallons</segIgnore> of <nameIgnore ref="#potato #onion">Hank Moody's</nameIgnore> Water ; let it boil till the <nameIgnore xml:id="ingredient0" ref="#ingredient-3">Meat</nameIgnore> is all to <nameIgnore xml:id="ingredient1" ref="#ingredient-0">Rags</nameIgnore> ; <nameIgnore xml:id="ingredient2" ref="#ingredient-5">and</nameIgnore> Half an Hour before you strain it out , put in two or three Anchovies ; then strain it from the <nameIgnore xml:id="ingredient3" ref="#ingredient-3">Meat</nameIgnore> <nameIgnore xml:id="ingredient4" ref="#ingredient-5">and</nameIgnore> Husks , <nameIgnore xml:id="ingredient5" ref="#ingredient-5">and</nameIgnore> put in as much as you want <nameIgnore xml:id="utensil-6" ref="#form">for</nameIgnore> the Meal into a Sauce-pan , with an Onion stuck with Cloves , a Race of <nameIgnore xml:id="ingredient7" ref="#ingredient-1">Ginger</nameIgnore> bruis 'd , a little Fagot of Thyme , Savory , Parsley , <nameIgnore xml:id="ingredient8" ref="#ingredient-5">and</nameIgnore> a little Pepper . Let it boil near Half an Hour ; stir in a Piece of <nameIgnore xml:id="ingredient9" ref="#ingredient-4">Butter</nameIgnore> , <nameIgnore xml:id="ingredient10" ref="#ingredient-5">and</nameIgnore> fry some forc 'd <nameIgnore xml:id="ingredient11" ref="#ingredient-3">Meat</nameIgnore> Balls , Bacon <nameIgnore xml:id="ingredient12" ref="#ingredient-5">and</nameIgnore> French Bread cut in Dice , with Spinage boil 'd <nameIgnore xml:id="ingredient13" ref="#ingredient-2">green</nameIgnore> , to put to it in the Dish .</p>
        <p>Some random date <dateIgnore xml:id="random-date">4th of july 2010</dateIgnore> for test unlistable entities, and reference to this date <dateIgnore ref="#random-date">the exact same day</dateIgnore></p>
      </div>
    </body>
  </text>
  <standOff>
    <listPerson type="personList">
      <personIgnore xml:id="potato">
        <persName>
          <forename>Jerry</forename>
          <surname>Maguire</surname>
        </persName>
      </personIgnore>
      <personIgnore>Ingwer</personIgnore>
      <personIgnore xml:id="grieben1">Grieben</personIgnore>
      <personIgnore xml:id="met1">Met</personIgnore>
      <personIgnore>Butter</personIgnore>
      <personIgnore xml:id="sand1">Sand</personIgnore>
    </listPerson>
    <listObject type="ingredientList">
      <object type="ingredient" xml:id="ingredient-0">
        <objectIdentifier>
          <objectName>Rag</objectName>
        </objectIdentifier>
      </object>
      <object type="ingredient" xml:id="ingredient-1">
        <objectIdentifier>
          <objectName>Ingwer</objectName>
        </objectIdentifier>
      </object>
      <object type="ingredient" xml:id="ingredient-2">
        <objectIdentifier>
          <objectName>Grieben</objectName>
        </objectIdentifier>
      </object>
      <object type="ingredient" xml:id="ingredient-3">
        <objectIdentifier>
          <objectName>Met</objectName>
        </objectIdentifier>
      </object>
      <object type="ingredient" xml:id="ingredient-4">
        <objectIdentifier>
          <objectName>Butter</objectName>
        </objectIdentifier>
      </object>
      <object type="ingredient" xml:id="ingredient-5">
        <objectIdentifier>
          <objectName>Sand</objectName>
        </objectIdentifier>
      </object>
    </listObject>
    <listObject type="utensilList">
      <object type="utensil" xml:id="form">
        <objectIdentifier>
          <objectName>Form</objectName>
        </objectIdentifier>
      </object>
    </listObject>
  </standOff>
</TEI>
