<TEI xmlns="http://www.tei-c.org/ns/1.0">
  <teiHeader>
    <fileDesc>
      <titleStmt>
        <title>To make Pease Soop</title>
      </titleStmt>
      <publicationStmt>
        <publisher>
          <orgName>Des Zentrums f√ºr Gastrosophie</orgName>
          <ptr target="http://gastrosophie.sbg.ac.at/"/>
        </publisher>
        <date when="">2015-02-11</date>
      </publicationStmt>
      <sourceDesc>
        <biblStruct>
          <monogr>
            <title>To make Pease Soop</title>
            <title type="alt">Erbsensuppe</title>
            <note/>
            <author>
              <persName xml:id="person1">
                <forename>Peter</forename>
                <surname>Griffin</surname>
                <email>peter_griffin@zmyslonymail.com</email>
              </persName>
            </author>
            <author>
              <persName xml:id="person32">
                <forename>Lois</forename>
                <surname>Griffin</surname>
                <email>lois_griffin@zmyslonymail.com</email>
              </persName>
            </author>
            <textLang mainLang="deu"/>
            <imprint>
              <biblScope unit="volume">Teil 2, S. 058</biblScope>
              <biblScope unit="chapter">Teil 2, S. 058</biblScope>
              <biblScope unit="entry">Teil 2, S. 058</biblScope>
            </imprint>
          </monogr>
        </biblStruct>
        <msDesc>
          <msIdentifier>
            <repository>Rezeptdatenbank</repository>
            <idno/>
          </msIdentifier>
        </msDesc>
      </sourceDesc>
    </fileDesc>
    <profileDesc>
      <particDesc>
        <listPerson type="PROVIDEDH Annotators">
          <person xml:id="annotator-0">
            <persName>
              <forename>Algorithm</forename>
              <surname>Levenshtein distance match</surname>
              <email/>
            </persName>
          </person>
        </listPerson>
      </particDesc>
      <textClass>
        <classCode scheme="http://providedh.eu/uncertainty/ns/1.0">
          <certainty ana="https://providedh-test.ehum.psnc.pl/api/projects/17/taxonomy/#incompleteness" locus="value" degree="0.8571428571428571" cert="high" resp="#annotator-0" match="@ref" target="#name-6" xml:id="certainty-0" assertedValue="#met"/>
          <certainty ana="https://providedh-test.ehum.psnc.pl/api/projects/17/taxonomy/#incompleteness" locus="value" degree="0.8571428571428571" cert="high" resp="#annotator-0" match="@ref" target="#name-7" xml:id="certainty-1" assertedValue="#rag"/>
          <certainty ana="https://providedh-test.ehum.psnc.pl/api/projects/17/taxonomy/#incompleteness" locus="value" degree="0.8571428571428571" cert="high" resp="#annotator-0" match="@ref" target="#name-9" xml:id="certainty-2" assertedValue="#sand"/>
          <certainty ana="https://providedh-test.ehum.psnc.pl/api/projects/17/taxonomy/#incompleteness" locus="value" degree="0.8571428571428571" cert="high" resp="#annotator-0" match="@ref" target="#name-4" xml:id="certainty-3" assertedValue="#met"/>
          <certainty ana="https://providedh-test.ehum.psnc.pl/api/projects/17/taxonomy/#incompleteness" locus="value" degree="0.8571428571428571" cert="high" resp="#annotator-0" match="@ref" target="#name-10" xml:id="certainty-4" assertedValue="#sand"/>
          <certainty ana="https://providedh-test.ehum.psnc.pl/api/projects/17/taxonomy/#incompleteness" locus="value" degree="0.8571428571428571" cert="high" resp="#annotator-0" match="@ref" target="#name-13" xml:id="certainty-5" assertedValue="#sand"/>
          <certainty ana="https://providedh-test.ehum.psnc.pl/api/projects/17/taxonomy/#incompleteness" locus="value" degree="0.8571428571428571" cert="high" resp="#annotator-0" match="@ref" target="#name-14" xml:id="certainty-6" assertedValue="#form"/>
          <certainty ana="https://providedh-test.ehum.psnc.pl/api/projects/17/taxonomy/#incompleteness" locus="value" degree="0.8333333333333334" cert="high" resp="#annotator-0" match="@ref" target="#name-1" xml:id="certainty-7" assertedValue="#ingwer"/>
          <certainty ana="https://providedh-test.ehum.psnc.pl/api/projects/17/taxonomy/#incompleteness" locus="value" degree="0.8571428571428571" cert="high" resp="#annotator-0" match="@ref" target="#name-11" xml:id="certainty-8" assertedValue="#sand"/>
          <certainty ana="https://providedh-test.ehum.psnc.pl/api/projects/17/taxonomy/#incompleteness" locus="value" degree="1.0" cert="very high" resp="#annotator-0" match="@ref" target="#name-0" xml:id="certainty-9" assertedValue="#butter"/>
          <certainty ana="https://providedh-test.ehum.psnc.pl/api/projects/17/taxonomy/#incompleteness" locus="value" degree="0.8571428571428571" cert="high" resp="#annotator-0" match="@ref" target="#name-12" xml:id="certainty-10" assertedValue="#sand"/>
          <certainty ana="https://providedh-test.ehum.psnc.pl/api/projects/17/taxonomy/#incompleteness" locus="value" degree="0.8571428571428571" cert="high" resp="#annotator-0" match="@ref" target="#name-5" xml:id="certainty-11" assertedValue="#met"/>
          <certainty ana="https://providedh-test.ehum.psnc.pl/api/projects/17/taxonomy/#incompleteness" locus="value" degree="0.8571428571428571" cert="high" resp="#annotator-0" match="@ref" target="#name-8" xml:id="certainty-12" assertedValue="#sand"/>
          <certainty ana="https://providedh-test.ehum.psnc.pl/api/projects/17/taxonomy/#incompleteness" locus="value" degree="0.8333333333333334" cert="high" resp="#annotator-0" match="@ref" target="#name-15" xml:id="certainty-13" assertedValue="#grieben"/>
          <certainty ana="https://providedh-test.ehum.psnc.pl/api/projects/17/taxonomy/#incompleteness" locus="value" cert="high" assertedValue="Balloons" target="#seg-0" resp="#second_annotator" xml:id="certainty-14"/>
        </classCode>
      </textClass>
    </profileDesc>
  </teiHeader>
  <text>
    <body>
      <div type="person">
        <listPerson type="personList">
          <person xml:id="person-0">
            <persName>
              <forename>Jerry</forename>
              <surname>Maguire</surname>
            </persName>
          </person>
          <person xml:id="person-1">Ingwer</person>
          <person xml:id="person-2">Grieben</person>
          <person xml:id="person-3">Met</person>
          <person xml:id="person-4">Butter</person>
          <person xml:id="person-5">Sand</person>
        </listPerson>
      </div>
      <div type="ingredient">
        <listObject type="ingredientList">
          <object type="ingredient" xml:id="ingredient-0">Rag</object>
          <object type="ingredient" xml:id="ingredient-1">Ingwer</object>
          <object type="ingredient" xml:id="ingredient-2">Grieben</object>
          <object type="ingredient" xml:id="ingredient-3">Met</object>
          <object type="ingredient" xml:id="ingredient-4">Butter</object>
          <object type="ingredient" xml:id="ingredient-5">Sand</object>
        </listObject>
      </div>
      <div type="utensil">
        <listObject>
          <object type="utensil" xml:id="form">Form</object>
        </listObject>
      </div>
      <div type="dietetic">
        <listObject/>
      </div>
      <div type="recipe">
        <p>Put three or four Pounds of <name ref="#person-0" xml:id="name-3">Jerry Maguire's</name> coarse Beef , with three Pints of Pease , into two <seg xml:id="seg-0">Gallons</seg> of <name ref="#person-0 #onion" xml:id="name-2">Hank Moody's</name> Water ; let it boil till the <name xml:id="name-6" ref="#ingredient-3">Meat</name> is all to <name xml:id="name-7" ref="#ingredient-0">Rags</name> ; <name xml:id="name-9" ref="#ingredient-5">and</name> Half an Hour before you strain it out , put in two or three Anchovies ; then strain it from the <name xml:id="name-4" ref="#ingredient-3">Meat</name> <name xml:id="name-10" ref="#ingredient-5">and</name> Husks , <name xml:id="name-13" ref="#ingredient-5">and</name> put in as much as you want <name xml:id="name-14" ref="#form">for</name> the Meal into a Sauce-pan , with an Onion stuck with Cloves , a Race of <name xml:id="name-1" ref="#ingredient-1">Ginger</name> bruis 'd , a little Fagot of Thyme , Savory , Parsley , <name xml:id="name-11" ref="#ingredient-5">and</name> a little Pepper . Let it boil near Half an Hour ; stir in a Piece of <name xml:id="name-0" ref="#ingredient-4">Butter</name> , <name xml:id="name-12" ref="#ingredient-5">and</name> fry some forc 'd <name xml:id="name-5" ref="#ingredient-3">Meat</name> Balls , Bacon <name xml:id="name-8" ref="#ingredient-5">and</name> French Bread cut in Dice , with Spinage boil 'd <name xml:id="name-15" ref="#ingredient-2">green</name> , to put to it in the Dish .</p>
        <p>Some random date <date xml:id="date-0">4th of july 2010</date> for test unlistable entities, and reference to this date <date ref="#date-0" xml:id="date-1">the exact same day</date></p>
      </div>
    </body>
  </text>
</TEI>
