<TEI xmlns="http://www.tei-c.org/ns/1.0">
  <?xml-model href="https://providedh.ehum.psnc.pl/tei_providedh.rng" schematypens="http://relaxng.org/ns/structure/1.0"?>
  <teiHeader>
    <fileDesc>
      <titleStmt>
        <title>To make Pease Soop</title>
      </titleStmt>
      <publicationStmt>
        <publisher>
          <orgName>Des Zentrums für Gastrosophie</orgName>
          <ptr target="http://gastrosophie.sbg.ac.at/"/>
        </publisher>
        <date when="">2015-02-11</date>
      </publicationStmt>
      <sourceDesc>
        <biblStruct>
          <monogr>
            <title>To make Pease Soop</title>
            <title type="alt">Erbsensuppe</title>
            <note/>
            <author>
              <persName xml:id="person1">
                <forename>Peter</forename>
                <surname>Griffin</surname>
                <email>peter_griffin@zmyslonymail.com</email>
              </persName>
            </author>
            <author>
              <persName xml:id="person32">
                <forename>Lois</forename>
                <surname>Griffin</surname>
                <email>lois_griffin@zmyslonymail.com</email>
              </persName>
            </author>
            <textLang mainLang="deu"/>
            <imprint>
              <biblScope unit="volume">Teil 2, S. 058</biblScope>
              <biblScope unit="chapter">Teil 2, S. 058</biblScope>
              <biblScope unit="entry">Teil 2, S. 058</biblScope>
            </imprint>
          </monogr>
        </biblStruct>
        <msDesc>
          <msIdentifier>
            <repository>Rezeptdatenbank</repository>
            <idno/>
          </msIdentifier>
        </msDesc>
      </sourceDesc>
    </fileDesc>
    <profileDesc>
      <textClass>
        <classCode scheme="http://providedh.eu/uncertainty/ns/1.0">
          <certainty xml:id="certainty-0" resp="#annotator-1" ana="https://providedh.ehum.psnc.pl/api/projects/1/taxonomy/#credibility https://providedh.ehum.psnc.pl/api/projects/1/taxonomy/#incompleteness" locus="value" cert="high" degree="0.86" target="#name-4" match="@ref" assertedValue="#met"/>
          <certainty xml:id="certainty-1" resp="#annotator-1" ana="https://providedh.ehum.psnc.pl/api/projects/1/taxonomy/#incompleteness" locus="value" cert="high" degree="0.86" target="#name-5" match="@ref" assertedValue="#rag"/>
          <certainty xml:id="certainty-2" resp="#annotator-1" ana="https://providedh.ehum.psnc.pl/api/projects/1/taxonomy/#incompleteness" locus="value" cert="high" degree="0.86" target="#name-7" match="@ref" assertedValue="#sand"/>
          <certainty xml:id="certainty-3" resp="#annotator-1" ana="" locus="value" cert="high" degree="0.86" target="#name-2" match="@ref" assertedValue="#met"/>
          <certainty xml:id="certainty-4" resp="#annotator-1" ana="https://providedh.ehum.psnc.pl/api/projects/1/taxonomy/#credibility" locus="value" cert="high" degree="0.86" target="#name-8" match="@ref" assertedValue="#sand"/>
          <certainty xml:id="certainty-5" resp="#annotator-1" ana="https://providedh.ehum.psnc.pl/api/projects/1/taxonomy/#incompleteness" locus="value" cert="high" degree="0.86" target="#name-11" match="@ref" assertedValue="#sand"/>
          <certainty xml:id="certainty-6" resp="#annotator-1" ana="https://providedh.ehum.psnc.pl/api/projects/1/taxonomy/#incompleteness" locus="value" cert="high" degree="0.86" target="#name-12" match="@ref" assertedValue="#form"/>
          <certainty xml:id="certainty-7" resp="#annotator-1" ana="https://providedh.ehum.psnc.pl/api/projects/1/taxonomy/#incompleteness" locus="value" cert="high" degree="0.83" target="#name-1" match="@ref" assertedValue="#ingwer"/>
          <certainty xml:id="certainty-8" resp="#annotator-1" ana="https://providedh.ehum.psnc.pl/api/projects/1/taxonomy/#incompleteness" locus="value" cert="high" degree="0.86" target="#name-9" match="@ref" assertedValue="#sand"/>
          <certainty xml:id="certainty-9" resp="#annotator-1" ana="https://providedh.ehum.psnc.pl/api/projects/1/taxonomy/#incompleteness" locus="value" cert="very high" degree="1.0" target="#name-0" match="@ref" assertedValue="#butter"/>
          <certainty xml:id="certainty-10" resp="#annotator-1" ana="https://providedh.ehum.psnc.pl/api/projects/1/taxonomy/#incompleteness" locus="value" cert="high" degree="0.86" target="#name-10" match="@ref" assertedValue="#sand"/>
          <certainty xml:id="certainty-11" resp="#annotator-1" ana="https://providedh.ehum.psnc.pl/api/projects/1/taxonomy/#incompleteness" locus="value" cert="high" degree="0.86" target="#name-3" match="@ref" assertedValue="#met"/>
          <certainty xml:id="certainty-12" resp="#annotator-1" ana="https://providedh.ehum.psnc.pl/api/projects/1/taxonomy/#incompleteness" locus="value" cert="high" degree="0.86" target="#name-6" match="@ref" assertedValue="#sand"/>
          <certainty xml:id="certainty-13" resp="#annotator-1" ana="https://providedh.ehum.psnc.pl/api/projects/1/taxonomy/#incompleteness" locus="value" cert="high" degree="0.83" target="#name-13" match="@ref" assertedValue="#grieben"/>
          <certainty xml:id="certainty-14" resp="#annotator-2" ana="https://providedh.ehum.psnc.pl/api/projects/1/taxonomy/#incompleteness" locus="value" cert="high" target="#test" assertedValue="Balloons">
            <desc>Some important decription</desc>
          </certainty>
          <certainty xml:id="certainty-15" resp="#annotator-2" ana="https://providedh.ehum.psnc.pl/api/projects/1/taxonomy/#incompleteness" locus="value" cert="high" target="#name-8" match="@ref" assertedValue="#ingredient-0"/>
          <certainty xml:id="certainty-16" resp="#annotator-2" ana="https://providedh.ehum.psnc.pl/api/projects/1/taxonomy/#incompleteness" locus="value" cert="high" target="#person-0" match="./persName/forename" assertedValue="McDuck"/>
          <certainty xml:id="certainty-17" resp="#annotator-1" ana="https://providedh.ehum.psnc.pl/api/projects/1/taxonomy/#incompleteness" locus="value" cert="high" target="#certainty-10" match="@cert" assertedValue="low"/>
        </classCode>
      </textClass>
      <particDesc>
        <listPerson type="PROVIDEDH Annotators">
          <person xml:id="annotator-1">
            <persName>
              <forename>none</forename>
              <surname>none</surname>
              <email>none</email>
            </persName>
          </person>
          <person xml:id="annotator-2">
            <persName>
              <forename>Tony</forename>
              <surname>Stark</surname>
              <email>tony_stark@zmyslonymail.com</email>
            </persName>
          </person>
        </listPerson>
      </particDesc>
    </profileDesc>
  </teiHeader>
  <text>
    <body>
      <div type="recipe">
        <p>Put three or four Pounds of <name ref="#person-0" xml:id="name-4">Jerry Maguire's</name> coarse Beef , with <name ref="#event-0" xml:id="name-17">three Pints of Pease</name> , into two <seg xml:id="seg-0">Gallons</seg> of <name ref="#person-0" xml:id="name-3">Hank Moody's</name> Water ; let it boil till the <name xml:id="name-7" ref="#ingredient-3">Meat</name> is all to <name xml:id="name-8" ref="#ingredient-0">Rags</name> ; <name xml:id="name-10" ref="#ingredient-5">and</name> Half an Hour before you strain it out , put in two or three <name ref="#place-0" xml:id="name-0">Anchovies</name> ; then strain it from the <name xml:id="name-5" ref="#ingredient-3">Meat</name> <name xml:id="name-11" ref="#ingredient-5">and</name> Husks , <name xml:id="name-14" ref="#ingredient-5">and</name> put in as much as you want <name xml:id="name-15" ref="#form">for</name> the Meal into a Sauce-pan , with an Onion stuck with Cloves , a Race of <name xml:id="name-2" ref="#ingredient-1">Ginger</name> bruis 'd , a little Fagot of Thyme , Savory , Parsley , <name xml:id="name-12" ref="#ingredient-5">and</name> a little Pepper . Let it boil near Half an Hour ; stir in a Piece of <name xml:id="name-1" ref="#ingredient-4">Butter</name> , <name xml:id="name-13" ref="#ingredient-5">and</name> fry some forc 'd <name xml:id="name-6" ref="#ingredient-3">Meat</name> Balls , Bacon <name xml:id="name-9" ref="#ingredient-5">and</name> French Bread cut in Dice , with Spinage boil 'd <name xml:id="name-16" ref="#ingredient-2">green</name> , to put to it in the Dish .</p>
        <p>Some random date <date when="2020-07-04" xml:id="date-0">4th of july 2010</date> for test unlistable entities, and reference to this date <date ref="#date-0" xml:id="date-1">the exact same day</date></p>
      </div>
    </body>
  </text>
  <standOff>
    <listObject type="utensilList">
      <object type="utensil" xml:id="form">Form</object>
    </listObject>
    <listPerson type="personList">
      <person xml:id="person-0" resp="#annotator-2" age="child" sex="M">
        <birth when="2001-02-03"/>
        <persName>
          <forename>Jerry</forename>
          <surname>Maguire</surname>
        </persName>
        <name>Jerry Maguire</name>
      </person>
      <person xml:id="person-1" resp="#annotator-1">
        <name>Ingwer</name>
      </person>
      <person xml:id="person-2" resp="#annotator-1">
        <name>Grieben</name>
      </person>
      <person xml:id="person-3" resp="#annotator-1">
        <name>Met</name>
      </person>
      <person xml:id="person-4" resp="#annotator-1">
        <name>Butter</name>
      </person>
      <person xml:id="person-5" resp="#annotator-1">
        <name>Sand</name>
      </person>
    </listPerson>
    <listEvent type="eventList">
      <event xml:id="event-0" resp="#annotator-1">Big Bang</event>
    </listEvent>
    <listPlace type="placeList">
      <place xml:id="place-0" resp="#annotator-1">
        <country>Poland</country>
        <location>
          <geo>52.408333 16.934167</geo>
        </location>
        <placeName>
          <name>PCSS</name>
        </placeName>
        <settlement>Poznań</settlement>
      </place>
    </listPlace>
    <listObject type="ingredientList">
      <object type="ingredient" xml:id="ingredient-0" resp="#annotator-1">Rag</object>
      <object type="ingredient" xml:id="ingredient-1" resp="#annotator-1">Ingwer</object>
      <object type="ingredient" xml:id="ingredient-2" resp="#annotator-1">Grieben</object>
      <object type="ingredient" xml:id="ingredient-3" resp="#annotator-1">Met</object>
      <object type="ingredient" xml:id="ingredient-4" resp="#annotator-1">Butter</object>
      <object type="ingredient" xml:id="ingredient-5" resp="#annotator-1">Sand</object>
    </listObject>
  </standOff>
</TEI>
