<TEI xmlns="http://www.tei-c.org/ns/1.0">
  <?xml-model href="https://providedh.ehum.psnc.pl/tei_providedh.rng" schematypens="http://relaxng.org/ns/structure/1.0"?>
  <teiHeader>
    <fileDesc>
      <titleStmt>
        <title>To make Pease Soop</title>
      </titleStmt>
      <publicationStmt>
        <publisher>
          <orgName>Des Zentrums für Gastrosophie</orgName>
          <ptr target="http://gastrosophie.sbg.ac.at/"/>
        </publisher>
        <date when="">2015-02-11</date>
      </publicationStmt>
      <sourceDesc>
        <biblStruct>
          <monogr>
            <title>To make Pease Soop</title>
            <title type="alt">Erbsensuppe</title>
            <note/>
            <author>
              <persName xml:id="person1">
                <forename>Peter</forename>
                <surname>Griffin</surname>
                <email>peter_griffin@zmyslonymail.com</email>
              </persName>
            </author>
            <author>
              <persName xml:id="person32">
                <forename>Lois</forename>
                <surname>Griffin</surname>
                <email>lois_griffin@zmyslonymail.com</email>
              </persName>
            </author>
            <textLang mainLang="deu"/>
            <imprint>
              <biblScope unit="volume">Teil 2, S. 058</biblScope>
              <biblScope unit="chapter">Teil 2, S. 058</biblScope>
              <biblScope unit="entry">Teil 2, S. 058</biblScope>
            </imprint>
          </monogr>
        </biblStruct>
        <msDesc>
          <msIdentifier>
            <repository>Rezeptdatenbank</repository>
            <idno/>
          </msIdentifier>
        </msDesc>
        <listPerson type="personList">
          <person xml:id="person-6" resp="#annotator-2" sex="M">
            <persName>
              <forename>Bugs</forename>
              <surname>Bunny</surname>
            </persName>
            <name>Bugs Bunny</name>
          </person>
          <person xml:id="person-0" resp="#annotator-1">
            <name>Butter</name>
          </person>
          <person xml:id="person-1" resp="#annotator-1">
            <name>Sand</name>
          </person>
          <person xml:id="person-2" resp="#annotator-2" age="child" sex="M">
            <birth when="2001-02-03"/>
            <persName>
              <forename>Jerry</forename>
              <surname>Maguire</surname>
            </persName>
            <name>Jerry Maguire</name>
          </person>
          <person xml:id="person-3" resp="#annotator-1">
            <name>Ingwer</name>
          </person>
          <person xml:id="person-4" resp="#annotator-1">
            <name>Grieben</name>
          </person>
          <person xml:id="person-5" resp="#annotator-1">
            <name>Met</name>
          </person>
        </listPerson>
        <listPlace type="placeList">
          <place xml:id="place-0" resp="#annotator-1">
            <country>Poland</country>
            <location>
              <geo>52.408333 16.934167</geo>
            </location>
            <placeName>
              <name>PCSS</name>
            </placeName>
            <settlement>Poznań</settlement>
          </place>
        </listPlace>
      </sourceDesc>
    </fileDesc>
    <profileDesc>
      <textClass>
        <classCode scheme="http://providedh.eu/uncertainty/ns/1.0">
          <certainty xml:id="certainty-0" resp="#annotator-1" ana="https://providedh.ehum.psnc.pl/api/projects/1/taxonomy/#credibility https://providedh.ehum.psnc.pl/api/projects/1/taxonomy/#incompleteness" locus="value" cert="high" degree="0.86" target="#name-3" match="@ref" assertedValue="#met"/>
          <certainty xml:id="certainty-1" resp="#annotator-2" ana="https://providedh.ehum.psnc.pl/api/projects/1/taxonomy/#incompleteness" locus="value" cert="high" target="#test" assertedValue="Balloons">
            <desc>Some important decription</desc>
          </certainty>
          <certainty xml:id="certainty-2" resp="#annotator-2" ana="https://providedh.ehum.psnc.pl/api/projects/1/taxonomy/#incompleteness" locus="value" cert="high" target="#name-5" match="@ref" assertedValue="#ingredient-0"/>
          <certainty xml:id="certainty-3" resp="#annotator-2" ana="https://providedh.ehum.psnc.pl/api/projects/1/taxonomy/#incompleteness" locus="value" cert="high" target="#person-2" match="./persName/forename" assertedValue="McDuck"/>
          <certainty xml:id="certainty-5" resp="#annotator-2" ana="https://providedh.ehum.psnc.pl/api/projects/1/taxonomy/#new_awesome_category" locus="value" cert="high" target="#certainty-10" match="@cert" assertedValue="low"/>
          <certainty xml:id="certainty-5.2.3" resp="#annotator-2" ana="" locus="value" cert="high" target="#ingredient-0" match="@sameAs" assertedValue="Project_1/group_0_long_annotated_1_modified_xml#ingredient-0"/>
          <certainty xml:id="certainty-6.3.3" resp="#annotator-3" ana="https://providedh.ehum.psnc.pl/api/projects/1/taxonomy/#credibility" locus="value" cert="medium" target="#ingredient-0" match="@sameAs" assertedValue="Project_1/group_0_long_annotated_2_modified_xml#ingredient-0"/>
          <certainty xml:id="certainty-7.2.5" resp="#annotator-2" ana="https://providedh.ehum.psnc.pl/api/projects/1/taxonomy/#credibility" locus="value" cert="medium" target="#person-0" match="@sameAs" assertedValue="Project_1/group_0_long_annotated_1_modified_xml#person-0"/>
          <certainty xml:id="certainty-9.2.7" resp="#annotator-3" ana="https://providedh.ehum.psnc.pl/api/projects/1/taxonomy/#credibility" locus="value" cert="low" target="#person-1" match="@sameAs" assertedValue="Project_1/group_0_long_annotated_1_modified_xml#person-1"/>
        </classCode>
      </textClass>
      <particDesc>
        <listPerson type="PROVIDEDH Annotators">
          <person xml:id="annotator-1">
            <persName>
              <forename>none</forename>
              <surname>none</surname>
              <email>none</email>
            </persName>
          </person>
          <person xml:id="annotator-2">
            <persName>
              <forename>Tony</forename>
              <surname>Stark</surname>
              <email>tony_stark@zmyslonymail.com</email>
            </persName>
          </person>
          <person xml:id="annotator-3">
            <persName>
              <forename>Pepper</forename>
              <surname>Potts</surname>
              <email>pepper_potts@zmyslonymail.com</email>
            </persName>
          </person>
        </listPerson>
      </particDesc>
    </profileDesc>
  </teiHeader>
  <text>
    <body>
      <div type="utensil">
        <listObject>
          <object type="utensil" xml:id="form">Form</object>
        </listObject>
      </div>
      <div type="dietetic">
        <listObject/>
      </div>
      <div type="recipe">
        <p>Put three or four <name xml:id="name-8" resp="#annotator-2" ref="#person-6">Pounds</name> of <name xml:id="name-3" ref="#person-2">Jerry Maguire's</name> coarse Beef , with <name xml:id="name-7" ref="#event-0">three Pints of Pease</name> , into two <seg xml:id="seg-0">Gallons</seg> of <name xml:id="name-2" ref="#person-2">Hank Moody's</name> Water ; let it boil till the <seg xml:id="seg-2" resp="#annotator-2">Meat</seg> is all to <name xml:id="name-5" ref="#ingredient-0">Rags</name> ; and Half an Hour before you strain it out , put in two or three <name xml:id="name-0" ref="#place-0">Anchovies</name> ; then strain it from the Meat and Husks , and put in as much as you want <name xml:id="name-6" ref="#form">for</name> the Meal into a Sauce-pan , with an Onion stuck with Cloves , a Race of <name xml:id="name-1" ref="#ingredient-1">Ginger</name> bruis 'd , a little Fagot of Thyme , Savory , Parsley , and a little Pepper . Let it boil near Half an Hour ; stir in a Piece of Butter , and fry some forc 'd Meat Balls , Bacon and French Bread cut in Dice , with Spinage boil 'd green , to put to it in the Dish .</p>
        <p>Some random date <date xml:id="date-0" ref="#date-0" when="2020-07-04">4th of july 2010</date> for test unlistable entities, and reference to this date <date xml:id="date-1" ref="#date-0">the exact same day</date>. Another important date <date xml:id="date-2" ref="#date-2" when="1791-05-03">3rd of may 1791</date>.</p>
      </div>
      <div type="event">
        <listEvent type="eventList">
          <event xml:id="event-0" resp="#annotator-1">Big Bang</event>
        </listEvent>
      </div>
      <div type="ingredient">
        <listObject type="ingredientList">
          <object type="ingredient" xml:id="ingredient-0" resp="#annotator-1">Rag</object>
          <object type="ingredient" xml:id="ingredient-1" resp="#annotator-1">Ingwer</object>
        </listObject>
      </div>
    </body>
  </text>
</TEI>
